▲ Next.js 16.3.0 (Turbopack)
- Environments: .env.local
✓ Running next.config.ts took 25ms

  Creating an optimized production build ...
✓ Compiled successfully in 425ms
  Running TypeScript ...
  Finished TypeScript in 1375ms ...
  Collecting page data using 12 workers ...
  Generating static pages using 12 workers (0/19) ...
  Generating static pages using 12 workers (4/19) 
  Generating static pages using 12 workers (9/19) 
  Generating static pages using 12 workers (14/19) 
✓ Generating static pages using 12 workers (19/19) in 991ms
  Finalizing page optimization ...

Route (app)
┌ ○ /
├ ○ /_not-found
├ ○ /credentials
├ ○ /opengraph-image
├   /projects/[slug]
│ ├ ● /projects/banking-data-platform
│ ├ ● /projects/modern-data-stack
│ ├ ● /projects/azure-ecommerce
│ └ ● [+7 more paths]
├ ƒ /projects/[slug]/opengraph-image
├ ○ /resume
├ ○ /robots.txt
└ ○ /sitemap.xml


○  (Static)   prerendered as static content
●  (SSG)      prerendered as static HTML (uses generateStaticParams)
ƒ  (Dynamic)  server-rendered on demand

